


{
 "resultCount":1,
 "results": [
{"isGameCenterEnabled":false, "advisories":[], 
"supportedDevices":["iPhone5s-iPhone5s", "iPadAir-iPadAir", "iPadAirCellular-iPadAirCellular", "iPadMiniRetina-iPadMiniRetina", "iPadMiniRetinaCellular-iPadMiniRetinaCellular", "iPhone6-iPhone6", "iPhone6Plus-iPhone6Plus", "iPadAir2-iPadAir2", "iPadAir2Cellular-iPadAir2Cellular", "iPadMini3-iPadMini3", "iPadMini3Cellular-iPadMini3Cellular", "iPodTouchSixthGen-iPodTouchSixthGen", "iPhone6s-iPhone6s", "iPhone6sPlus-iPhone6sPlus", "iPadMini4-iPadMini4", "iPadMini4Cellular-iPadMini4Cellular", "iPadPro-iPadPro", "iPadProCellular-iPadProCellular", "iPadPro97-iPadPro97", "iPadPro97Cellular-iPadPro97Cellular", "iPhoneSE-iPhoneSE", "iPhone7-iPhone7", "iPhone7Plus-iPhone7Plus", "iPad611-iPad611", "iPad612-iPad612", "iPad71-iPad71", "iPad72-iPad72", "iPad73-iPad73", "iPad74-iPad74", "iPhone8-iPhone8", "iPhone8Plus-iPhone8Plus", "iPhoneX-iPhoneX", "iPad75-iPad75", "iPad76-iPad76", "iPhoneXS-iPhoneXS", "iPhoneXSMax-iPhoneXSMax", "iPhoneXR-iPhoneXR", "iPad812-iPad812", "iPad834-iPad834", "iPad856-iPad856", "iPad878-iPad878", "iPadMini5-iPadMini5", "iPadMini5Cellular-iPadMini5Cellular", "iPadAir3-iPadAir3", "iPadAir3Cellular-iPadAir3Cellular", "iPodTouchSeventhGen-iPodTouchSeventhGen", "iPhone11-iPhone11", "iPhone11Pro-iPhone11Pro", "iPadSeventhGen-iPadSeventhGen", "iPadSeventhGenCellular-iPadSeventhGenCellular", "iPhone11ProMax-iPhone11ProMax", "iPhoneSESecondGen-iPhoneSESecondGen", "iPadProSecondGen-iPadProSecondGen", "iPadProSecondGenCellular-iPadProSecondGenCellular", "iPadProFourthGen-iPadProFourthGen", "iPadProFourthGenCellular-iPadProFourthGenCellular", "iPhone12Mini-iPhone12Mini", "iPhone12-iPhone12", "iPhone12Pro-iPhone12Pro", "iPhone12ProMax-iPhone12ProMax", "iPadAir4-iPadAir4", "iPadAir4Cellular-iPadAir4Cellular", "iPadEighthGen-iPadEighthGen", "iPadEighthGenCellular-iPadEighthGenCellular", "iPadProThirdGen-iPadProThirdGen", "iPadProThirdGenCellular-iPadProThirdGenCellular", "iPadProFifthGen-iPadProFifthGen", "iPadProFifthGenCellular-iPadProFifthGenCellular", "iPhone13Pro-iPhone13Pro", "iPhone13ProMax-iPhone13ProMax", "iPhone13Mini-iPhone13Mini", "iPhone13-iPhone13", "iPadMiniSixthGen-iPadMiniSixthGen", "iPadMiniSixthGenCellular-iPadMiniSixthGenCellular", "iPadNinthGen-iPadNinthGen", "iPadNinthGenCellular-iPadNinthGenCellular", "iPhoneSEThirdGen-iPhoneSEThirdGen", "iPadAirFifthGen-iPadAirFifthGen", "iPadAirFifthGenCellular-iPadAirFifthGenCellular", "iPhone14-iPhone14", "iPhone14Plus-iPhone14Plus", "iPhone14Pro-iPhone14Pro", "iPhone14ProMax-iPhone14ProMax", "iPadTenthGen-iPadTenthGen", "iPadTenthGenCellular-iPadTenthGenCellular", "iPadPro11FourthGen-iPadPro11FourthGen", "iPadPro11FourthGenCellular-iPadPro11FourthGenCellular", "iPadProSixthGen-iPadProSixthGen", "iPadProSixthGenCellular-iPadProSixthGenCellular"], "features":["iosUniversal"], 
"ipadScreenshotUrls":[
"https://is2-ssl.mzstatic.com/image/thumb/Purple116/v4/57/6b/9e/576b9ea5-41b3-3101-671b-1b44ed8cf939/30c344a5-8de0-4aac-aa9e-ea5c9c44b8f3_Simulator_Screen_Shot_-_iPad_Pro__U002812.9-inch_U0029__U00285th_generation_U0029_-_2021-12-22_at_15.05.32.png/576x768bb.png", 
"https://is2-ssl.mzstatic.com/image/thumb/Purple126/v4/e8/47/1f/e8471f28-0262-f782-7ef0-4a1c68afa42e/374c042d-4ca8-4c63-9293-e38bf7aaa2f4_Simulator_Screen_Shot_-_iPad_Pro__U002812.9-inch_U0029__U00285th_generation_U0029_-_2021-12-22_at_15.06.17.png/576x768bb.png", 
"https://is2-ssl.mzstatic.com/image/thumb/Purple126/v4/bb/39/4a/bb394a02-52ad-d54d-82d1-44b4f2e8c9b6/0198faae-0b17-4806-83e7-4d04534ad35b_Simulator_Screen_Shot_-_iPad_Pro__U002812.9-inch_U0029__U00285th_generation_U0029_-_2021-12-22_at_15.05.58.png/576x768bb.png"], "appletvScreenshotUrls":[], 
"artworkUrl60":"https://is1-ssl.mzstatic.com/image/thumb/Purple126/v4/00/98/b1/0098b1c1-59bc-1cc5-bc04-b20dfb4a1d0a/AppIcon-0-0-1x_U007emarketing-0-0-0-7-0-0-sRGB-0-0-0-GLES2_U002c0-512MB-85-220-0-0.png/60x60bb.jpg", 
"artworkUrl512":"https://is1-ssl.mzstatic.com/image/thumb/Purple126/v4/00/98/b1/0098b1c1-59bc-1cc5-bc04-b20dfb4a1d0a/AppIcon-0-0-1x_U007emarketing-0-0-0-7-0-0-sRGB-0-0-0-GLES2_U002c0-512MB-85-220-0-0.png/512x512bb.jpg", 
"artworkUrl100":"https://is1-ssl.mzstatic.com/image/thumb/Purple126/v4/00/98/b1/0098b1c1-59bc-1cc5-bc04-b20dfb4a1d0a/AppIcon-0-0-1x_U007emarketing-0-0-0-7-0-0-sRGB-0-0-0-GLES2_U002c0-512MB-85-220-0-0.png/100x100bb.jpg", "artistViewUrl":"https://apps.apple.com/us/developer/xperitech-as/id1509453322?uo=4", 
"screenshotUrls":[
"https://is2-ssl.mzstatic.com/image/thumb/PurpleSource116/v4/2e/a7/dd/2ea7dd5c-1967-7886-b494-b9caa7cd3edc/61a0c789-9482-493a-96a5-5efb510c4d24_image1.png/392x696bb.png", 
"https://is4-ssl.mzstatic.com/image/thumb/PurpleSource116/v4/22/7f/49/227f492b-90cb-71f5-e4db-7be2c0ec603e/b7c7140a-69b8-4f6f-a289-0ad620c766c9_image2.png/392x696bb.png", 
"https://is1-ssl.mzstatic.com/image/thumb/PurpleSource116/v4/92/4e/2d/924e2df4-4938-e647-2287-77e1435c391e/1dd387b2-5443-44fc-952f-47aa2131b14b_image3.png/392x696bb.png", 
"https://is2-ssl.mzstatic.com/image/thumb/PurpleSource126/v4/c7/af/8b/c7af8b00-786e-6fc8-657c-8ad29d80f770/4b00b643-45aa-4217-9297-9c5311367600_image4.png/392x696bb.png", 
"https://is5-ssl.mzstatic.com/image/thumb/PurpleSource126/v4/d8/1c/a5/d81ca5db-2313-db4d-a4f9-374722f8413f/f3a77edd-410d-4142-b5cf-7dfe3aea9f21_image5.png/392x696bb.png", 
"https://is4-ssl.mzstatic.com/image/thumb/PurpleSource126/v4/70/f3/e7/70f3e72e-1929-abd7-6e57-eef6b42e6ac9/3d9e9165-8ad3-4190-9205-5add594a9672_image6.png/392x696bb.png", 
"https://is4-ssl.mzstatic.com/image/thumb/PurpleSource126/v4/cf/01/01/cf01017f-7730-e623-e228-f343b8b06b03/83169140-f165-4757-845b-1d97c25b4c5d_image7.png/392x696bb.png"], "kind":"software", "minimumOsVersion":"11.0", 
"description":"Elveguiden/SalmonRivers is Norway's leading platform for the distribution of salmon fishing. \n\nPrivacy policy: https://elveguiden.no/en/personvernerklaeringg\nTerms and conditions: https://elveguiden.no/en/terms-conditions-elveguiden-pro", "bundleId":"com.elvefiske.elveguiden", "genreIds":["6003", "6004"], "releaseDate":"2019-05-24T14:20:44Z", "sellerName":"XperiTech AS", "primaryGenreName":"Travel", "primaryGenreId":6003, "currency":"USD", "isVppDeviceBasedLicensingEnabled":true, "trackId":1464552726, "trackName":"Elveguiden", "currentVersionReleaseDate":"2023-05-10T19:16:01Z", "trackCensoredName":"Elveguiden", "languageCodesISO2A":["EN"], "fileSizeBytes":"56453120", "sellerUrl":"https://elveguiden.no", "formattedPrice":"Free", "contentAdvisoryRating":"4+", "averageUserRatingForCurrentVersion":0, "userRatingCountForCurrentVersion":0, "averageUserRating":0, "trackViewUrl":"https://apps.apple.com/us/app/elveguiden/id1464552726?uo=4", "trackContentRating":"4+", 
"releaseNotes":"Brand new Elveguiden app where you can buy fishing licenses, packages and accommodation and report catches in a more easy way. See feed with recent catches, favourite rivers and beats, and discover the new PRO functionality.", "genres":["Travel", "Sports"], "artistId":1509453322, "artistName":"XperiTech AS", "price":0.00, "version":"3.8.0", "wrapperType":"software", "userRatingCount":0}]
}


